     1                                  ;ft__strcpy
     2                                  section .data
     3                                  
     4                                  section .bss
     5                                  
     6                                  section .text
     7                                  global  ft__strcpy
     8                                  
     9                                  ft__strcpy:
    10 00000000 4831C0                  	xor rax, rax
    11 00000003 4889FB                  	mov rbx, rdi; Backup return value
    12                                  
    13                                  loop:
    14 00000006 8A06                    	mov al, [rsi]
    15 00000008 8807                    	mov [rdi], al
    16 0000000A 3C00                    	cmp al, 0
    17 0000000C 7408                    	je  end
    18 0000000E 48FFC6                  	inc rsi
    19 00000011 48FFC7                  	inc rdi
    20 00000014 EBF0                    	jmp loop
    21                                  
    22                                  end:
    23 00000016 4889D8                  	mov rax, rbx
    24 00000019 BF00000000              	mov rdi, 0
    25 0000001E C3                      	ret
